[Map]
[Continents]
western africa=0
southern africa=0
northern africa=0
central africa=0
eastern africa=0
the congo=0

[Territories]
kenya,0,0,eastern africa,tanzania,uganda
zimbabwe,0,0,southern africa,zambia,mozambique,south africa,botswana
ivory coast,0,0,western africa,liberia,guinea,mali,burkina faso,ghana
d.r.o.t. congo,0,0,the congo,central african rep.,uganda,tanzania,zambia,angola,rep. of the congo
zambia,0,0,the congo,d.r.o.t. congo,tanzania,malawi,mozambique,zimbabwe,botswana,angola
central african rep.,0,0,central africa,chad,d.r.o.t. congo,rep. of the congo,cameroon
nigeria,0,0,central africa,niger,chad,cameroon,benin
liberia,0,0,western africa,sierra leone,guinea,ivory coast
cameroon,0,0,central africa,nigeria,chad,central african rep.,rep. of the congo,gabon
morocco,0,0,northern africa,western sahara,algeria
mauritania,0,0,western africa,western sahara,algeria,mali,senegal
namibia,0,0,southern africa,angola,botswana,south africa
uganda,0,0,eastern africa,kenya,tanzania,d.r.o.t. congo
senegal,0,0,western africa,mauritania,mali,guinea
algeria,0,0,northern africa,morocco,western sahara,mauritania,mali,niger,libya,tunisia
mali,0,0,western africa,senegal,mauritania,algeria,niger,burkina faso,ivory coast,guinea
tunisia,0,0,northern africa,algeria,libya
niger,0,0,central africa,mali,algeria,libya,chad,nigeria,benin,burkina faso
angola,0,0,the congo,d.r.o.t. congo,zambia,namibia,botswana
gabon,0,0,the congo,cameroon,rep. of the congo
ghana,0,0,western africa,burkina faso,benin,ivory coast
madagascar,0,0,southern africa,mozambique