[Map]
[Continents]
persia=0
asia minor=0
oceania=0
south east asia=0
indian sub-continent=0
north asia=0
arabian peninsula=0
sdsdsdsdsffdfdffsffsf=0

[Territories]
maldives,0,0,indian sub-continent,india
cyprus,0,0,asia minor,turkey,syria,israel,lebanon
lebanon,0,0,asia minor,cyprus,syria,israel
brunei,0,0,oceania,vietnam,east malaysia
azerbaijan,0,0,persia,georgia,armenia,iran,russia
yemen,0,0,arabian peninsula,saudi arabia,omen
india,0,0,indian sub-continent,pakistan,china,nepal,bhuntan,myanmar,bangladesh,maldives,sri lanka
nepal,0,0,indian sub-continent,india
kuwait,0,0,arabian peninsula,saudi arabia,iraq,iran
laos,0,0,south east asia,myanmar,vietnam,cambodia,thailand
pakistan,0,0,persia,iran,afghanistan,india
philippines,0,0,oceania,china,east malaysia,indonesia
bhuntan,0,0,indian sub-continent,india
sri lanka,0,0,indian sub-continent,india
buhrain,0,0,arabian peninsula,saudi arabia,qatar
syria,0,0,asia minor,turkey,iraq,jordan,israel,lebanon,cyprus
myanmar,0,0,south east asia,china,india,bangladesh,thailand,laos
indonesia,0,0,oceania,singapore,east malaysia,philippines
georgia,0,0,persia,russia,azerbaijan,armenia,turkey
singapore,0,0,south east asia,west malaysia,indonesia
iran,0,0,persia,armenia,azerbaijan,turkey,iraq,kuwait,turkmenistan,afghanistan,pakistan
east malaysia,0,0,oceania,brunei,vietnam,west malaysia,indonesia,philippines
russia,0,0,north asia,japan,north korea,china,mongolia,kazakhstan,georgia,azerbaijan
turkmenistan,0,0,persia,kazakhstan,uzbekistan,afghanistan,iran
israel,0,0,asia minor,cyprus,lebanon,jordan,syria
cambodia,0,0,south east asia,thailand,laos,vietnam
tajikistan,0,0,persia,uzbekistan,sdsdsdsds,afghanistan
bangladesh,0,0,indian sub-continent,india,myanmar
kazakhstan,0,0,north asia,russia,mongolia,china,uzbekistan,sdsdsdsds,turkmenistan
china,0,0,north asia,philippines,north korea,russia,mongolia,kazakhstan,india,myanmar,vietnam
turkey,0,0,asia minor,cyprus,syria,iraq,iran,armenia,georgia
united arab emigrants,0,0,arabian peninsula,qatar,saudi arabia,omen
south korea,0,0,north asia,north korea,japan
thailand,0,0,south east asia,myanmar,laos,cambodia,west malaysia
saudi arabia,0,0,arabian peninsula,yemen,omen,united arab emigrants,qatar,buhrain,kuwait,iraq,jordan
west malaysia,0,0,south east asia,thailand,east malaysia,singapore
sdsdsdsds,0,0,persia,kazakhstan,uzbekistan,tajikistan
vietnam,0,0,south east asia,china,laos,brunei,east malaysia,cambodia
japan,0,0,north asia,russia,north korea,south korea
north korea,0,0,north asia,china,russia,japan,south korea
mongolia,0,0,north asia,russia,china,kazakhstan
uzbekistan,0,0,persia,kazakhstan,turkmenistan,sdsdsdsds,tajikistan,afghanistan
jordan,0,0,asia minor,israel,syria,iraq,saudi arabia
afghanistan,0,0,persia,iran,turkmenistan,uzbekistan,tajikistan,pakistan
armenia,0,0,persia,georgia,azerbaijan,iran,turkey
qatar,0,0,arabian peninsula,buhrain,saudi arabia,united arab emigrants
omen,0,0,arabian peninsula,united arab emigrants,saudi arabia,yemen
iraq,0,0,asia minor,iran,kuwait,saudi arabia,jordan,syria,turkey